// Jest Snapshot v1, https://goo.gl/fbAQLP

exports[`it works for correct shape 1`] = `
"
        | Name | Description |
        |:-----|:-----|
        | **\`some-name\`** | Some description... |

    "
`;
