exports[`test it works 1`] = `
"
        
        <a name=Contributing></a>
        #### Contributing
    ;
        
            Please view the **[contribution guidelines](../CONVENTIONS.md)** before
            modifying this component
        .
    "
`;
