exports[`test it works 1`] = `
"
        ## Block \`prefix-block\`
        > Some intro
    "
`;
